******************************************************************************
                  MSP430 Linker PC v18.12.2                    
******************************************************************************
>> Linked Tue Sep  3 15:13:27 2019

OUTPUT FILE NAME:   <TOBC TX Manager.out>
ENTRY POINT SYMBOL: "_c_int00_noargs"  address: 0000f4ac


MEMORY CONFIGURATION

         name            origin    length      used     unused   attr    fill
----------------------  --------  ---------  --------  --------  ----  --------
  BSL0                  00001000   00000800  00000000  00000800  RWIX
  RAM                   00002000   00000400  000000ad  00000353  RWIX
  FRAM                  0000f100   00000e80  000003d0  00000ab0  RWIX
  JTAGSIGNATURE         0000ff80   00000004  00000004  00000000  RWIX  ffff 
  BSLSIGNATURE          0000ff84   00000004  00000004  00000000  RWIX  ffff 
  INT00                 0000ff88   00000002  00000000  00000002  RWIX
  INT01                 0000ff8a   00000002  00000000  00000002  RWIX
  INT02                 0000ff8c   00000002  00000000  00000002  RWIX
  INT03                 0000ff8e   00000002  00000000  00000002  RWIX
  INT04                 0000ff90   00000002  00000000  00000002  RWIX
  INT05                 0000ff92   00000002  00000000  00000002  RWIX
  INT06                 0000ff94   00000002  00000000  00000002  RWIX
  INT07                 0000ff96   00000002  00000000  00000002  RWIX
  INT08                 0000ff98   00000002  00000000  00000002  RWIX
  INT09                 0000ff9a   00000002  00000000  00000002  RWIX
  INT10                 0000ff9c   00000002  00000000  00000002  RWIX
  INT11                 0000ff9e   00000002  00000000  00000002  RWIX
  INT12                 0000ffa0   00000002  00000000  00000002  RWIX
  INT13                 0000ffa2   00000002  00000000  00000002  RWIX
  INT14                 0000ffa4   00000002  00000000  00000002  RWIX
  INT15                 0000ffa6   00000002  00000000  00000002  RWIX
  INT16                 0000ffa8   00000002  00000000  00000002  RWIX
  INT17                 0000ffaa   00000002  00000000  00000002  RWIX
  INT18                 0000ffac   00000002  00000000  00000002  RWIX
  INT19                 0000ffae   00000002  00000000  00000002  RWIX
  INT20                 0000ffb0   00000002  00000000  00000002  RWIX
  INT21                 0000ffb2   00000002  00000000  00000002  RWIX
  INT22                 0000ffb4   00000002  00000000  00000002  RWIX
  INT23                 0000ffb6   00000002  00000000  00000002  RWIX
  INT24                 0000ffb8   00000002  00000000  00000002  RWIX
  INT25                 0000ffba   00000002  00000000  00000002  RWIX
  INT26                 0000ffbc   00000002  00000000  00000002  RWIX
  INT27                 0000ffbe   00000002  00000000  00000002  RWIX
  INT28                 0000ffc0   00000002  00000000  00000002  RWIX
  INT29                 0000ffc2   00000002  00000000  00000002  RWIX
  INT30                 0000ffc4   00000002  00000000  00000002  RWIX
  INT31                 0000ffc6   00000002  00000000  00000002  RWIX
  INT32                 0000ffc8   00000002  00000000  00000002  RWIX
  INT33                 0000ffca   00000002  00000000  00000002  RWIX
  INT34                 0000ffcc   00000002  00000000  00000002  RWIX
  INT35                 0000ffce   00000002  00000000  00000002  RWIX
  INT36                 0000ffd0   00000002  00000000  00000002  RWIX
  INT37                 0000ffd2   00000002  00000000  00000002  RWIX
  INT38                 0000ffd4   00000002  00000000  00000002  RWIX
  INT39                 0000ffd6   00000002  00000000  00000002  RWIX
  INT40                 0000ffd8   00000002  00000000  00000002  RWIX
  INT41                 0000ffda   00000002  00000000  00000002  RWIX
  INT42                 0000ffdc   00000002  00000000  00000002  RWIX
  INT43                 0000ffde   00000002  00000000  00000002  RWIX
  INT44                 0000ffe0   00000002  00000000  00000002  RWIX
  INT45                 0000ffe2   00000002  00000002  00000000  RWIX
  INT46                 0000ffe4   00000002  00000002  00000000  RWIX
  INT47                 0000ffe6   00000002  00000002  00000000  RWIX
  INT48                 0000ffe8   00000002  00000002  00000000  RWIX
  INT49                 0000ffea   00000002  00000002  00000000  RWIX
  INT50                 0000ffec   00000002  00000002  00000000  RWIX
  INT51                 0000ffee   00000002  00000002  00000000  RWIX
  INT52                 0000fff0   00000002  00000002  00000000  RWIX
  INT53                 0000fff2   00000002  00000002  00000000  RWIX
  INT54                 0000fff4   00000002  00000002  00000000  RWIX
  INT55                 0000fff6   00000002  00000002  00000000  RWIX
  INT56                 0000fff8   00000002  00000002  00000000  RWIX
  INT57                 0000fffa   00000002  00000002  00000000  RWIX
  INT58                 0000fffc   00000002  00000002  00000000  RWIX
  RESET                 0000fffe   00000002  00000002  00000000  RWIX
  BSL1                  000ffc00   00000400  00000000  00000400  RWIX


SECTION ALLOCATION MAP

 output                                  attributes/
section   page    origin      length       input sections
--------  ----  ----------  ----------   ----------------
.TI.persistent 
*          0    0000f100    00000000     UNINITIALIZED

.cinit     0    0000f100    0000002a     
                  0000f100    0000000c     (__TI_handler_table)
                  0000f10c    00000007     (.cinit..data.load) [load image, compression = lzss]
                  0000f113    00000001     --HOLE-- [fill = 0]
                  0000f114    00000006     (.cinit..bss.load) [load image, compression = zero_init]
                  0000f11a    00000010     (__TI_cinit_table)

.pinit     0    0000f12a    00000000     UNINITIALIZED

.binit     0    0000f12a    00000000     

.init_array 
*          0    0000f12a    00000000     UNINITIALIZED

.mspabi.exidx 
*          0    0000f12a    00000000     UNINITIALIZED

.mspabi.extab 
*          0    0000f12a    00000000     UNINITIALIZED

.const     0    0000f12a    00000000     UNINITIALIZED

.text      0    0000f12a    0000030e     
                  0000f12a    000000ee     rts430x_lc_sd_eabi.lib : copy_decompress_lzss.c.obj (.text:decompress:lzss:__TI_decompress_lzss)
                  0000f218    0000006a                            : autoinit.c.obj (.text:__TI_auto_init_nobinit_nopinit_hold_wdt:__TI_auto_init_nobinit_nopinit_hold_wdt)
                  0000f282    00000052     core.obj (.text:core_sleep)
                  0000f2d4    00000040     rts430x_lc_sd_eabi.lib : cpy_util.asm.obj (.text:__memcpy_far)
                  0000f314    0000003e                            : copy_zero_init.c.obj (.text:decompress:ZI:__TI_zero_init_nomemset:__TI_zero_init_nomemset)
                  0000f352    0000003c                            : copy_decompress_none.c.obj (.text:decompress:none:__TI_decompress_none)
                  0000f38e    00000020     main.obj (.text:main)
                  0000f3ae    0000001e     stopwatch.obj (.text:stopwatch_process)
                  0000f3cc    0000001c     core.obj (.text:get_next_event)
                  0000f3e8    0000001a     switches.obj (.text:switches_init)
                  0000f402    00000016     stopwatch.obj (.text:stopwatch_disable)
                  0000f418    00000008     watchdog.obj (.text:watchdog_service)
                  0000f420    00000008     watchdog.obj (.text:watchdog_stop)
                  0000f428    00000006     rts430x_lc_sd_eabi.lib : exit.c.obj (.text:abort)
                  0000f42e    00000004                            : pre_init.c.obj (.text:_system_pre_init)
                  0000f432    00000004     core.obj (.text:core_init)
                  0000f436    00000002     rts430x_lc_sd_eabi.lib : startup.c.obj (.text:_system_post_cinit)

.text:_isr 
*          0    0000f438    00000098     
                  0000f438    00000048     stopwatch.obj (.text:_isr:Timer0_B0)
                  0000f480    0000002c     switches.obj (.text:_isr:PORT1_ISR)
                  0000f4ac    0000001c     rts430x_lc_sd_eabi.lib : boot.c.obj (.text:_isr:_c_int00_noargs)
                  0000f4c8    00000008                            : isr_trap.asm.obj (.text:_isr:__TI_ISR_TRAP)

.bss       0    00002000    00000009     UNINITIALIZED
                  00002000    00000004     stopwatch.obj (.bss)
                  00002004    00000002     (.common:_wakeEventsOccurred)
                  00002006    00000002     (.common:_wakeReasons)
                  00002008    00000001     switches.obj (.bss)

.data      0    0000200a    00000004     UNINITIALIZED
                  0000200a    00000004     stopwatch.obj (.data)

.stack     0    00002360    000000a0     UNINITIALIZED
                  00002360    00000002     rts430x_lc_sd_eabi.lib : boot.c.obj (.stack)
                  00002362    0000009e     --HOLE--

ECOMP0     0    0000ffe2    00000002     
                  0000ffe2    00000002     rts430x_lc_sd_eabi.lib : int45.asm.obj (.int45)

PORT2      0    0000ffe4    00000002     
                  0000ffe4    00000002     rts430x_lc_sd_eabi.lib : int46.asm.obj (.int46)

PORT1      0    0000ffe6    00000002     
                  0000ffe6    00000002     switches.obj (.int47)

ADC        0    0000ffe8    00000002     
                  0000ffe8    00000002     rts430x_lc_sd_eabi.lib : int48.asm.obj (.int48)

EUSCI_B0   0    0000ffea    00000002     
                  0000ffea    00000002     rts430x_lc_sd_eabi.lib : int49.asm.obj (.int49)

EUSCI_A0   0    0000ffec    00000002     
                  0000ffec    00000002     rts430x_lc_sd_eabi.lib : int50.asm.obj (.int50)

WDT        0    0000ffee    00000002     
                  0000ffee    00000002     rts430x_lc_sd_eabi.lib : int51.asm.obj (.int51)

RTC        0    0000fff0    00000002     
                  0000fff0    00000002     rts430x_lc_sd_eabi.lib : int52.asm.obj (.int52)

TIMER1_B1 
*          0    0000fff2    00000002     
                  0000fff2    00000002     rts430x_lc_sd_eabi.lib : int53.asm.obj (.int53)

TIMER1_B0 
*          0    0000fff4    00000002     
                  0000fff4    00000002     rts430x_lc_sd_eabi.lib : int54.asm.obj (.int54)

TIMER0_B1 
*          0    0000fff6    00000002     
                  0000fff6    00000002     rts430x_lc_sd_eabi.lib : int55.asm.obj (.int55)

TIMER0_B0 
*          0    0000fff8    00000002     
                  0000fff8    00000002     stopwatch.obj (.int56)

UNMI       0    0000fffa    00000002     
                  0000fffa    00000002     rts430x_lc_sd_eabi.lib : int57.asm.obj (.int57)

SYSNMI     0    0000fffc    00000002     
                  0000fffc    00000002     rts430x_lc_sd_eabi.lib : int58.asm.obj (.int58)

.reset     0    0000fffe    00000002     
                  0000fffe    00000002     rts430x_lc_sd_eabi.lib : boot.c.obj (.reset)

$fill000   0    0000ff80    00000004     
                  0000ff80    00000004     --HOLE-- [fill = ffff]

$fill001   0    0000ff84    00000004     
                  0000ff84    00000004     --HOLE-- [fill = ffff]

MODULE SUMMARY

       Module                       code   ro data   rw data
       ------                       ----   -------   -------
    .\
       core.obj                     114    0         4      
       main.obj                     32     0         0      
    +--+----------------------------+------+---------+---------+
       Total:                       146    0         4      
                                                            
    .\hal\
       stopwatch.obj                124    2         8      
       switches.obj                 70     2         1      
       watchdog.obj                 16     0         0      
    +--+----------------------------+------+---------+---------+
       Total:                       210    4         9      
                                                            
    C:\ti\ccs910\ccs\tools\compiler\ti-cgt-msp430_18.12.2.LTS\lib\rts430x_lc_sd_eabi.lib
       copy_decompress_lzss.c.obj   238    0         0      
       autoinit.c.obj               106    0         0      
       cpy_util.asm.obj             64     0         0      
       copy_zero_init.c.obj         62     0         0      
       copy_decompress_none.c.obj   60     0         0      
       boot.c.obj                   28     2         0      
       isr_trap.asm.obj             8      0         0      
       exit.c.obj                   6      0         0      
       pre_init.c.obj               4      0         0      
       int45.asm.obj                0      2         0      
       int46.asm.obj                0      2         0      
       int48.asm.obj                0      2         0      
       int49.asm.obj                0      2         0      
       int50.asm.obj                0      2         0      
       int51.asm.obj                0      2         0      
       int52.asm.obj                0      2         0      
       int53.asm.obj                0      2         0      
       int54.asm.obj                0      2         0      
       int55.asm.obj                0      2         0      
       int57.asm.obj                0      2         0      
       int58.asm.obj                0      2         0      
       startup.c.obj                2      0         0      
    +--+----------------------------+------+---------+---------+
       Total:                       578    26        0      
                                                            
       Stack:                       0      0         160    
       Linker Generated:            0      41        0      
    +--+----------------------------+------+---------+---------+
       Grand Total:                 934    71        173    


LINKER GENERATED COPY TABLES

__TI_cinit_table @ 0000f11a records: 2, size/record: 8, table size: 16
	.data: load addr=0000f10c, load size=00000007 bytes, run addr=0000200a, run size=00000004 bytes, compression=lzss
	.bss: load addr=0000f114, load size=00000006 bytes, run addr=00002000, run size=00000009 bytes, compression=zero_init


LINKER GENERATED HANDLER TABLE

__TI_handler_table @ 0000f100 records: 3, size/record: 4, table size: 12
	index: 0, handler: __TI_zero_init
	index: 1, handler: __TI_decompress_lzss
	index: 2, handler: __TI_decompress_none


GLOBAL SYMBOLS: SORTED ALPHABETICALLY BY Name 

address   name                                   
-------   ----                                   
00000700  ADCCTL0                                
00000701  ADCCTL0_H                              
00000700  ADCCTL0_L                              
00000702  ADCCTL1                                
00000703  ADCCTL1_H                              
00000702  ADCCTL1_L                              
00000704  ADCCTL2                                
00000705  ADCCTL2_H                              
00000704  ADCCTL2_L                              
00000708  ADCHI                                  
00000709  ADCHI_H                                
00000708  ADCHI_L                                
0000071a  ADCIE                                  
0000071b  ADCIE_H                                
0000071a  ADCIE_L                                
0000071c  ADCIFG                                 
0000071d  ADCIFG_H                               
0000071c  ADCIFG_L                               
0000071e  ADCIV                                  
0000071f  ADCIV_H                                
0000071e  ADCIV_L                                
00000706  ADCLO                                  
00000707  ADCLO_H                                
00000706  ADCLO_L                                
0000070a  ADCMCTL0                               
0000070b  ADCMCTL0_H                             
0000070a  ADCMCTL0_L                             
00000712  ADCMEM0                                
00000713  ADCMEM0_H                              
00000712  ADCMEM0_L                              
00000660  BAKMEM0                                
00000661  BAKMEM0_H                              
00000660  BAKMEM0_L                              
00000662  BAKMEM1                                
00000674  BAKMEM10                               
00000675  BAKMEM10_H                             
00000674  BAKMEM10_L                             
00000676  BAKMEM11                               
00000677  BAKMEM11_H                             
00000676  BAKMEM11_L                             
00000678  BAKMEM12                               
00000679  BAKMEM12_H                             
00000678  BAKMEM12_L                             
0000067a  BAKMEM13                               
0000067b  BAKMEM13_H                             
0000067a  BAKMEM13_L                             
0000067c  BAKMEM14                               
0000067d  BAKMEM14_H                             
0000067c  BAKMEM14_L                             
0000067e  BAKMEM15                               
0000067f  BAKMEM15_H                             
0000067e  BAKMEM15_L                             
00000663  BAKMEM1_H                              
00000662  BAKMEM1_L                              
00000664  BAKMEM2                                
00000665  BAKMEM2_H                              
00000664  BAKMEM2_L                              
00000666  BAKMEM3                                
00000667  BAKMEM3_H                              
00000666  BAKMEM3_L                              
00000668  BAKMEM4                                
00000669  BAKMEM4_H                              
00000668  BAKMEM4_L                              
0000066a  BAKMEM5                                
0000066b  BAKMEM5_H                              
0000066a  BAKMEM5_L                              
0000066c  BAKMEM6                                
0000066d  BAKMEM6_H                              
0000066c  BAKMEM6_L                              
0000066e  BAKMEM7                                
0000066f  BAKMEM7_H                              
0000066e  BAKMEM7_L                              
00000670  BAKMEM8                                
00000671  BAKMEM8_H                              
00000670  BAKMEM8_L                              
00000672  BAKMEM9                                
00000673  BAKMEM9_H                              
00000672  BAKMEM9_L                              
0000f428  C$$EXIT                                
000002ee  CAPTIOCTL                              
000002ef  CAPTIOCTL_H                            
000002ee  CAPTIOCTL_L                            
000008e0  CPCTL0                                 
000008e1  CPCTL0_H                               
000008e0  CPCTL0_L                               
000008e2  CPCTL1                                 
000008e3  CPCTL1_H                               
000008e2  CPCTL1_L                               
000008f0  CPDACCTL                               
000008f1  CPDACCTL_H                             
000008f0  CPDACCTL_L                             
000008f2  CPDACDATA                              
000008f3  CPDACDATA_H                            
000008f2  CPDACDATA_L                            
000008e6  CPINT                                  
000008e7  CPINT_H                                
000008e6  CPINT_L                                
000008e8  CPIV                                   
000008e9  CPIV_H                                 
000008e8  CPIV_L                                 
000001c0  CRCDI                                  
000001c2  CRCDIRB                                
000001c3  CRCDIRB_H                              
000001c2  CRCDIRB_L                              
000001c1  CRCDI_H                                
000001c0  CRCDI_L                                
000001c4  CRCINIRES                              
000001c5  CRCINIRES_H                            
000001c4  CRCINIRES_L                            
000001c6  CRCRESR                                
000001c7  CRCRESR_H                              
000001c6  CRCRESR_L                              
00000180  CSCTL0                                 
00000181  CSCTL0_H                               
00000180  CSCTL0_L                               
00000182  CSCTL1                                 
00000183  CSCTL1_H                               
00000182  CSCTL1_L                               
00000184  CSCTL2                                 
00000185  CSCTL2_H                               
00000184  CSCTL2_L                               
00000186  CSCTL3                                 
00000187  CSCTL3_H                               
00000186  CSCTL3_L                               
00000188  CSCTL4                                 
00000189  CSCTL4_H                               
00000188  CSCTL4_L                               
0000018a  CSCTL5                                 
0000018b  CSCTL5_H                               
0000018a  CSCTL5_L                               
0000018c  CSCTL6                                 
0000018d  CSCTL6_H                               
0000018c  CSCTL6_L                               
0000018e  CSCTL7                                 
0000018f  CSCTL7_H                               
0000018e  CSCTL7_L                               
00000190  CSCTL8                                 
00000191  CSCTL8_H                               
00000190  CSCTL8_L                               
000001a0  FRCTL0                                 
000001a1  FRCTL0_H                               
000001a0  FRCTL0_L                               
000001a4  GCCTL0                                 
000001a5  GCCTL0_H                               
000001a4  GCCTL0_L                               
000001a6  GCCTL1                                 
000001a7  GCCTL1_H                               
000001a6  GCCTL1_L                               
00000204  P1DIR                                  
0000021a  P1IE                                   
00000218  P1IES                                  
0000021c  P1IFG                                  
00000200  P1IN                                   
0000020e  P1IV                                   
0000020f  P1IV_H                                 
0000020e  P1IV_L                                 
00000202  P1OUT                                  
00000206  P1REN                                  
0000020a  P1SEL0                                 
0000020c  P1SEL1                                 
00000216  P1SELC                                 
00000205  P2DIR                                  
0000021b  P2IE                                   
00000219  P2IES                                  
0000021d  P2IFG                                  
00000201  P2IN                                   
0000021e  P2IV                                   
0000021f  P2IV_H                                 
0000021e  P2IV_L                                 
00000203  P2OUT                                  
00000207  P2REN                                  
0000020b  P2SEL0                                 
0000020d  P2SEL1                                 
00000217  P2SELC                                 
00000204  PADIR                                  
00000205  PADIR_H                                
00000204  PADIR_L                                
0000021a  PAIE                                   
00000218  PAIES                                  
00000219  PAIES_H                                
00000218  PAIES_L                                
0000021b  PAIE_H                                 
0000021a  PAIE_L                                 
0000021c  PAIFG                                  
0000021d  PAIFG_H                                
0000021c  PAIFG_L                                
00000200  PAIN                                   
00000201  PAIN_H                                 
00000200  PAIN_L                                 
00000202  PAOUT                                  
00000203  PAOUT_H                                
00000202  PAOUT_L                                
00000206  PAREN                                  
00000207  PAREN_H                                
00000206  PAREN_L                                
0000020a  PASEL0                                 
0000020b  PASEL0_H                               
0000020a  PASEL0_L                               
0000020c  PASEL1                                 
0000020d  PASEL1_H                               
0000020c  PASEL1_L                               
00000216  PASELC                                 
00000217  PASELC_H                               
00000216  PASELC_L                               
00000324  PJDIR                                  
00000325  PJDIR_H                                
00000324  PJDIR_L                                
00000320  PJIN                                   
00000321  PJIN_H                                 
00000320  PJIN_L                                 
00000322  PJOUT                                  
00000323  PJOUT_H                                
00000322  PJOUT_L                                
00000326  PJREN                                  
00000327  PJREN_H                                
00000326  PJREN_L                                
0000032a  PJSEL0                                 
0000032b  PJSEL0_H                               
0000032a  PJSEL0_L                               
0000032c  PJSEL1                                 
0000032d  PJSEL1_H                               
0000032c  PJSEL1_L                               
00000336  PJSELC                                 
00000337  PJSELC_H                               
00000336  PJSELC_L                               
00000130  PM5CTL0                                
00000131  PM5CTL0_H                              
00000130  PM5CTL0_L                              
00000120  PMMCTL0                                
00000121  PMMCTL0_H                              
00000120  PMMCTL0_L                              
00000124  PMMCTL2                                
00000125  PMMCTL2_H                              
00000124  PMMCTL2_L                              
0000012a  PMMIFG                                 
0000012b  PMMIFG_H                               
0000012a  PMMIFG_L                               
0000f480  PORT1_ISR                              
0000030c  RTCCNT                                 
0000030d  RTCCNT_H                               
0000030c  RTCCNT_L                               
00000300  RTCCTL                                 
00000301  RTCCTL_H                               
00000300  RTCCTL_L                               
00000304  RTCIV                                  
00000305  RTCIV_H                                
00000304  RTCIV_L                                
00000308  RTCMOD                                 
00000309  RTCMOD_H                               
00000308  RTCMOD_L                               
00000c80  SAC0OA                                 
00000c81  SAC0OA_H                               
00000c80  SAC0OA_L                               
00000100  SFRIE1                                 
00000101  SFRIE1_H                               
00000100  SFRIE1_L                               
00000102  SFRIFG1                                
00000103  SFRIFG1_H                              
00000102  SFRIFG1_L                              
00000104  SFRRPCR                                
00000105  SFRRPCR_H                              
00000104  SFRRPCR_L                              
00000142  SYSBSLC                                
00000143  SYSBSLC_H                              
00000142  SYSBSLC_L                              
00000160  SYSCFG0                                
00000161  SYSCFG0_H                              
00000160  SYSCFG0_L                              
00000162  SYSCFG1                                
00000163  SYSCFG1_H                              
00000162  SYSCFG1_L                              
00000164  SYSCFG2                                
00000165  SYSCFG2_H                              
00000164  SYSCFG2_L                              
00000140  SYSCTL                                 
00000141  SYSCTL_H                               
00000140  SYSCTL_L                               
00000146  SYSJMBC                                
00000147  SYSJMBC_H                              
00000146  SYSJMBC_L                              
00000148  SYSJMBI0                               
00000149  SYSJMBI0_H                             
00000148  SYSJMBI0_L                             
0000014a  SYSJMBI1                               
0000014b  SYSJMBI1_H                             
0000014a  SYSJMBI1_L                             
0000014c  SYSJMBO0                               
0000014d  SYSJMBO0_H                             
0000014c  SYSJMBO0_L                             
0000014e  SYSJMBO1                               
0000014f  SYSJMBO1_H                             
0000014e  SYSJMBO1_L                             
0000015e  SYSRSTIV                               
0000015f  SYSRSTIV_H                             
0000015e  SYSRSTIV_L                             
0000015c  SYSSNIV                                
0000015d  SYSSNIV_H                              
0000015c  SYSSNIV_L                              
0000015a  SYSUNIV                                
0000015b  SYSUNIV_H                              
0000015a  SYSUNIV_L                              
00000392  TB0CCR0                                
00000393  TB0CCR0_H                              
00000392  TB0CCR0_L                              
00000394  TB0CCR1                                
00000395  TB0CCR1_H                              
00000394  TB0CCR1_L                              
00000396  TB0CCR2                                
00000397  TB0CCR2_H                              
00000396  TB0CCR2_L                              
00000382  TB0CCTL0                               
00000383  TB0CCTL0_H                             
00000382  TB0CCTL0_L                             
00000384  TB0CCTL1                               
00000385  TB0CCTL1_H                             
00000384  TB0CCTL1_L                             
00000386  TB0CCTL2                               
00000387  TB0CCTL2_H                             
00000386  TB0CCTL2_L                             
00000380  TB0CTL                                 
00000381  TB0CTL_H                               
00000380  TB0CTL_L                               
000003a0  TB0EX0                                 
000003a1  TB0EX0_H                               
000003a0  TB0EX0_L                               
000003ae  TB0IV                                  
000003af  TB0IV_H                                
000003ae  TB0IV_L                                
00000390  TB0R                                   
00000391  TB0R_H                                 
00000390  TB0R_L                                 
000003d2  TB1CCR0                                
000003d3  TB1CCR0_H                              
000003d2  TB1CCR0_L                              
000003d4  TB1CCR1                                
000003d5  TB1CCR1_H                              
000003d4  TB1CCR1_L                              
000003d6  TB1CCR2                                
000003d7  TB1CCR2_H                              
000003d6  TB1CCR2_L                              
000003c2  TB1CCTL0                               
000003c3  TB1CCTL0_H                             
000003c2  TB1CCTL0_L                             
000003c4  TB1CCTL1                               
000003c5  TB1CCTL1_H                             
000003c4  TB1CCTL1_L                             
000003c6  TB1CCTL2                               
000003c7  TB1CCTL2_H                             
000003c6  TB1CCTL2_L                             
000003c0  TB1CTL                                 
000003c1  TB1CTL_H                               
000003c0  TB1CTL_L                               
000003e0  TB1EX0                                 
000003e1  TB1EX0_H                               
000003e0  TB1EX0_L                               
000003ee  TB1IV                                  
000003ef  TB1IV_H                                
000003ee  TB1IV_L                                
000003d0  TB1R                                   
000003d1  TB1R_H                                 
000003d0  TB1R_L                                 
00000f00  TRI0CTL                                
00000f01  TRI0CTL_H                              
00000f00  TRI0CTL_L                              
0000f438  Timer0_B0                              
00000510  UCA0ABCTL                              
00000511  UCA0ABCTL_H                            
00000510  UCA0ABCTL_L                            
00000506  UCA0BRW                                
00000507  UCA0BRW_H                              
00000506  UCA0BRW_L                              
00000500  UCA0CTLW0                              
00000501  UCA0CTLW0_H                            
00000500  UCA0CTLW0_L                            
00000502  UCA0CTLW1                              
00000503  UCA0CTLW1_H                            
00000502  UCA0CTLW1_L                            
0000051a  UCA0IE                                 
0000051b  UCA0IE_H                               
0000051a  UCA0IE_L                               
0000051c  UCA0IFG                                
0000051d  UCA0IFG_H                              
0000051c  UCA0IFG_L                              
00000512  UCA0IRCTL                              
00000513  UCA0IRCTL_H                            
00000512  UCA0IRCTL_L                            
0000051e  UCA0IV                                 
0000051f  UCA0IV_H                               
0000051e  UCA0IV_L                               
00000508  UCA0MCTLW                              
00000509  UCA0MCTLW_H                            
00000508  UCA0MCTLW_L                            
0000050c  UCA0RXBUF                              
0000050d  UCA0RXBUF_H                            
0000050c  UCA0RXBUF_L                            
0000050a  UCA0STATW                              
0000050b  UCA0STATW_H                            
0000050a  UCA0STATW_L                            
0000050e  UCA0TXBUF                              
0000050f  UCA0TXBUF_H                            
0000050e  UCA0TXBUF_L                            
0000055e  UCB0ADDMASK                            
0000055f  UCB0ADDMASK_H                          
0000055e  UCB0ADDMASK_L                          
0000055c  UCB0ADDRX                              
0000055d  UCB0ADDRX_H                            
0000055c  UCB0ADDRX_L                            
00000546  UCB0BRW                                
00000547  UCB0BRW_H                              
00000546  UCB0BRW_L                              
00000540  UCB0CTLW0                              
00000541  UCB0CTLW0_H                            
00000540  UCB0CTLW0_L                            
00000542  UCB0CTLW1                              
00000543  UCB0CTLW1_H                            
00000542  UCB0CTLW1_L                            
00000554  UCB0I2COA0                             
00000555  UCB0I2COA0_H                           
00000554  UCB0I2COA0_L                           
00000556  UCB0I2COA1                             
00000557  UCB0I2COA1_H                           
00000556  UCB0I2COA1_L                           
00000558  UCB0I2COA2                             
00000559  UCB0I2COA2_H                           
00000558  UCB0I2COA2_L                           
0000055a  UCB0I2COA3                             
0000055b  UCB0I2COA3_H                           
0000055a  UCB0I2COA3_L                           
00000560  UCB0I2CSA                              
00000561  UCB0I2CSA_H                            
00000560  UCB0I2CSA_L                            
0000056a  UCB0IE                                 
0000056b  UCB0IE_H                               
0000056a  UCB0IE_L                               
0000056c  UCB0IFG                                
0000056d  UCB0IFG_H                              
0000056c  UCB0IFG_L                              
0000056e  UCB0IV                                 
0000056f  UCB0IV_H                               
0000056e  UCB0IV_L                               
0000054c  UCB0RXBUF                              
0000054d  UCB0RXBUF_H                            
0000054c  UCB0RXBUF_L                            
00000548  UCB0STATW                              
00000549  UCB0STATW_H                            
00000548  UCB0STATW_L                            
0000054a  UCB0TBCNT                              
0000054b  UCB0TBCNT_H                            
0000054a  UCB0TBCNT_L                            
0000054e  UCB0TXBUF                              
0000054f  UCB0TXBUF_H                            
0000054e  UCB0TXBUF_L                            
000001cc  WDTCTL                                 
000001cd  WDTCTL_H                               
000001cc  WDTCTL_L                               
00002400  __STACK_END                            
000000a0  __STACK_SIZE                           
0000f11a  __TI_CINIT_Base                        
0000f12a  __TI_CINIT_Limit                       
0000f100  __TI_Handler_Table_Base                
0000f10c  __TI_Handler_Table_Limit               
0000f4c8  __TI_ISR_TRAP                          
0000f218  __TI_auto_init_nobinit_nopinit_hold_wdt
0000f12a  __TI_decompress_lzss                   
0000f352  __TI_decompress_none                   
0000ffe2  __TI_int45                             
0000ffe4  __TI_int46                             
0000ffe6  __TI_int47                             
0000ffe8  __TI_int48                             
0000ffea  __TI_int49                             
0000ffec  __TI_int50                             
0000ffee  __TI_int51                             
0000fff0  __TI_int52                             
0000fff2  __TI_int53                             
0000fff4  __TI_int54                             
0000fff6  __TI_int55                             
0000fff8  __TI_int56                             
0000fffa  __TI_int57                             
0000fffc  __TI_int58                             
ffffffff  __TI_pprof_out_hndl                    
ffffffff  __TI_prof_data_size                    
ffffffff  __TI_prof_data_start                   
0000f314  __TI_zero_init_nomemset                
ffffffff  __c_args__                             
0000f2d4  __memcpy_far                           
0000f4ac  _c_int00_noargs                        
0000fffe  _reset_vector                          
00002360  _stack                                 
0000f436  _system_post_cinit                     
0000f42e  _system_pre_init                       
00002004  _wakeEventsOccurred                    
00002006  _wakeReasons                           
0000f428  abort                                  
0000f432  core_init                              
0000f282  core_sleep                             
0000f38e  main                                   
0000f402  stopwatch_disable                      
0000f3ae  stopwatch_process                      
0000f3e8  switches_init                          
0000f418  watchdog_service                       
0000f420  watchdog_stop                          


GLOBAL SYMBOLS: SORTED BY Symbol Address 

address   name                                   
-------   ----                                   
000000a0  __STACK_SIZE                           
00000100  SFRIE1                                 
00000100  SFRIE1_L                               
00000101  SFRIE1_H                               
00000102  SFRIFG1                                
00000102  SFRIFG1_L                              
00000103  SFRIFG1_H                              
00000104  SFRRPCR                                
00000104  SFRRPCR_L                              
00000105  SFRRPCR_H                              
00000120  PMMCTL0                                
00000120  PMMCTL0_L                              
00000121  PMMCTL0_H                              
00000124  PMMCTL2                                
00000124  PMMCTL2_L                              
00000125  PMMCTL2_H                              
0000012a  PMMIFG                                 
0000012a  PMMIFG_L                               
0000012b  PMMIFG_H                               
00000130  PM5CTL0                                
00000130  PM5CTL0_L                              
00000131  PM5CTL0_H                              
00000140  SYSCTL                                 
00000140  SYSCTL_L                               
00000141  SYSCTL_H                               
00000142  SYSBSLC                                
00000142  SYSBSLC_L                              
00000143  SYSBSLC_H                              
00000146  SYSJMBC                                
00000146  SYSJMBC_L                              
00000147  SYSJMBC_H                              
00000148  SYSJMBI0                               
00000148  SYSJMBI0_L                             
00000149  SYSJMBI0_H                             
0000014a  SYSJMBI1                               
0000014a  SYSJMBI1_L                             
0000014b  SYSJMBI1_H                             
0000014c  SYSJMBO0                               
0000014c  SYSJMBO0_L                             
0000014d  SYSJMBO0_H                             
0000014e  SYSJMBO1                               
0000014e  SYSJMBO1_L                             
0000014f  SYSJMBO1_H                             
0000015a  SYSUNIV                                
0000015a  SYSUNIV_L                              
0000015b  SYSUNIV_H                              
0000015c  SYSSNIV                                
0000015c  SYSSNIV_L                              
0000015d  SYSSNIV_H                              
0000015e  SYSRSTIV                               
0000015e  SYSRSTIV_L                             
0000015f  SYSRSTIV_H                             
00000160  SYSCFG0                                
00000160  SYSCFG0_L                              
00000161  SYSCFG0_H                              
00000162  SYSCFG1                                
00000162  SYSCFG1_L                              
00000163  SYSCFG1_H                              
00000164  SYSCFG2                                
00000164  SYSCFG2_L                              
00000165  SYSCFG2_H                              
00000180  CSCTL0                                 
00000180  CSCTL0_L                               
00000181  CSCTL0_H                               
00000182  CSCTL1                                 
00000182  CSCTL1_L                               
00000183  CSCTL1_H                               
00000184  CSCTL2                                 
00000184  CSCTL2_L                               
00000185  CSCTL2_H                               
00000186  CSCTL3                                 
00000186  CSCTL3_L                               
00000187  CSCTL3_H                               
00000188  CSCTL4                                 
00000188  CSCTL4_L                               
00000189  CSCTL4_H                               
0000018a  CSCTL5                                 
0000018a  CSCTL5_L                               
0000018b  CSCTL5_H                               
0000018c  CSCTL6                                 
0000018c  CSCTL6_L                               
0000018d  CSCTL6_H                               
0000018e  CSCTL7                                 
0000018e  CSCTL7_L                               
0000018f  CSCTL7_H                               
00000190  CSCTL8                                 
00000190  CSCTL8_L                               
00000191  CSCTL8_H                               
000001a0  FRCTL0                                 
000001a0  FRCTL0_L                               
000001a1  FRCTL0_H                               
000001a4  GCCTL0                                 
000001a4  GCCTL0_L                               
000001a5  GCCTL0_H                               
000001a6  GCCTL1                                 
000001a6  GCCTL1_L                               
000001a7  GCCTL1_H                               
000001c0  CRCDI                                  
000001c0  CRCDI_L                                
000001c1  CRCDI_H                                
000001c2  CRCDIRB                                
000001c2  CRCDIRB_L                              
000001c3  CRCDIRB_H                              
000001c4  CRCINIRES                              
000001c4  CRCINIRES_L                            
000001c5  CRCINIRES_H                            
000001c6  CRCRESR                                
000001c6  CRCRESR_L                              
000001c7  CRCRESR_H                              
000001cc  WDTCTL                                 
000001cc  WDTCTL_L                               
000001cd  WDTCTL_H                               
00000200  P1IN                                   
00000200  PAIN                                   
00000200  PAIN_L                                 
00000201  P2IN                                   
00000201  PAIN_H                                 
00000202  P1OUT                                  
00000202  PAOUT                                  
00000202  PAOUT_L                                
00000203  P2OUT                                  
00000203  PAOUT_H                                
00000204  P1DIR                                  
00000204  PADIR                                  
00000204  PADIR_L                                
00000205  P2DIR                                  
00000205  PADIR_H                                
00000206  P1REN                                  
00000206  PAREN                                  
00000206  PAREN_L                                
00000207  P2REN                                  
00000207  PAREN_H                                
0000020a  P1SEL0                                 
0000020a  PASEL0                                 
0000020a  PASEL0_L                               
0000020b  P2SEL0                                 
0000020b  PASEL0_H                               
0000020c  P1SEL1                                 
0000020c  PASEL1                                 
0000020c  PASEL1_L                               
0000020d  P2SEL1                                 
0000020d  PASEL1_H                               
0000020e  P1IV                                   
0000020e  P1IV_L                                 
0000020f  P1IV_H                                 
00000216  P1SELC                                 
00000216  PASELC                                 
00000216  PASELC_L                               
00000217  P2SELC                                 
00000217  PASELC_H                               
00000218  P1IES                                  
00000218  PAIES                                  
00000218  PAIES_L                                
00000219  P2IES                                  
00000219  PAIES_H                                
0000021a  P1IE                                   
0000021a  PAIE                                   
0000021a  PAIE_L                                 
0000021b  P2IE                                   
0000021b  PAIE_H                                 
0000021c  P1IFG                                  
0000021c  PAIFG                                  
0000021c  PAIFG_L                                
0000021d  P2IFG                                  
0000021d  PAIFG_H                                
0000021e  P2IV                                   
0000021e  P2IV_L                                 
0000021f  P2IV_H                                 
000002ee  CAPTIOCTL                              
000002ee  CAPTIOCTL_L                            
000002ef  CAPTIOCTL_H                            
00000300  RTCCTL                                 
00000300  RTCCTL_L                               
00000301  RTCCTL_H                               
00000304  RTCIV                                  
00000304  RTCIV_L                                
00000305  RTCIV_H                                
00000308  RTCMOD                                 
00000308  RTCMOD_L                               
00000309  RTCMOD_H                               
0000030c  RTCCNT                                 
0000030c  RTCCNT_L                               
0000030d  RTCCNT_H                               
00000320  PJIN                                   
00000320  PJIN_L                                 
00000321  PJIN_H                                 
00000322  PJOUT                                  
00000322  PJOUT_L                                
00000323  PJOUT_H                                
00000324  PJDIR                                  
00000324  PJDIR_L                                
00000325  PJDIR_H                                
00000326  PJREN                                  
00000326  PJREN_L                                
00000327  PJREN_H                                
0000032a  PJSEL0                                 
0000032a  PJSEL0_L                               
0000032b  PJSEL0_H                               
0000032c  PJSEL1                                 
0000032c  PJSEL1_L                               
0000032d  PJSEL1_H                               
00000336  PJSELC                                 
00000336  PJSELC_L                               
00000337  PJSELC_H                               
00000380  TB0CTL                                 
00000380  TB0CTL_L                               
00000381  TB0CTL_H                               
00000382  TB0CCTL0                               
00000382  TB0CCTL0_L                             
00000383  TB0CCTL0_H                             
00000384  TB0CCTL1                               
00000384  TB0CCTL1_L                             
00000385  TB0CCTL1_H                             
00000386  TB0CCTL2                               
00000386  TB0CCTL2_L                             
00000387  TB0CCTL2_H                             
00000390  TB0R                                   
00000390  TB0R_L                                 
00000391  TB0R_H                                 
00000392  TB0CCR0                                
00000392  TB0CCR0_L                              
00000393  TB0CCR0_H                              
00000394  TB0CCR1                                
00000394  TB0CCR1_L                              
00000395  TB0CCR1_H                              
00000396  TB0CCR2                                
00000396  TB0CCR2_L                              
00000397  TB0CCR2_H                              
000003a0  TB0EX0                                 
000003a0  TB0EX0_L                               
000003a1  TB0EX0_H                               
000003ae  TB0IV                                  
000003ae  TB0IV_L                                
000003af  TB0IV_H                                
000003c0  TB1CTL                                 
000003c0  TB1CTL_L                               
000003c1  TB1CTL_H                               
000003c2  TB1CCTL0                               
000003c2  TB1CCTL0_L                             
000003c3  TB1CCTL0_H                             
000003c4  TB1CCTL1                               
000003c4  TB1CCTL1_L                             
000003c5  TB1CCTL1_H                             
000003c6  TB1CCTL2                               
000003c6  TB1CCTL2_L                             
000003c7  TB1CCTL2_H                             
000003d0  TB1R                                   
000003d0  TB1R_L                                 
000003d1  TB1R_H                                 
000003d2  TB1CCR0                                
000003d2  TB1CCR0_L                              
000003d3  TB1CCR0_H                              
000003d4  TB1CCR1                                
000003d4  TB1CCR1_L                              
000003d5  TB1CCR1_H                              
000003d6  TB1CCR2                                
000003d6  TB1CCR2_L                              
000003d7  TB1CCR2_H                              
000003e0  TB1EX0                                 
000003e0  TB1EX0_L                               
000003e1  TB1EX0_H                               
000003ee  TB1IV                                  
000003ee  TB1IV_L                                
000003ef  TB1IV_H                                
00000500  UCA0CTLW0                              
00000500  UCA0CTLW0_L                            
00000501  UCA0CTLW0_H                            
00000502  UCA0CTLW1                              
00000502  UCA0CTLW1_L                            
00000503  UCA0CTLW1_H                            
00000506  UCA0BRW                                
00000506  UCA0BRW_L                              
00000507  UCA0BRW_H                              
00000508  UCA0MCTLW                              
00000508  UCA0MCTLW_L                            
00000509  UCA0MCTLW_H                            
0000050a  UCA0STATW                              
0000050a  UCA0STATW_L                            
0000050b  UCA0STATW_H                            
0000050c  UCA0RXBUF                              
0000050c  UCA0RXBUF_L                            
0000050d  UCA0RXBUF_H                            
0000050e  UCA0TXBUF                              
0000050e  UCA0TXBUF_L                            
0000050f  UCA0TXBUF_H                            
00000510  UCA0ABCTL                              
00000510  UCA0ABCTL_L                            
00000511  UCA0ABCTL_H                            
00000512  UCA0IRCTL                              
00000512  UCA0IRCTL_L                            
00000513  UCA0IRCTL_H                            
0000051a  UCA0IE                                 
0000051a  UCA0IE_L                               
0000051b  UCA0IE_H                               
0000051c  UCA0IFG                                
0000051c  UCA0IFG_L                              
0000051d  UCA0IFG_H                              
0000051e  UCA0IV                                 
0000051e  UCA0IV_L                               
0000051f  UCA0IV_H                               
00000540  UCB0CTLW0                              
00000540  UCB0CTLW0_L                            
00000541  UCB0CTLW0_H                            
00000542  UCB0CTLW1                              
00000542  UCB0CTLW1_L                            
00000543  UCB0CTLW1_H                            
00000546  UCB0BRW                                
00000546  UCB0BRW_L                              
00000547  UCB0BRW_H                              
00000548  UCB0STATW                              
00000548  UCB0STATW_L                            
00000549  UCB0STATW_H                            
0000054a  UCB0TBCNT                              
0000054a  UCB0TBCNT_L                            
0000054b  UCB0TBCNT_H                            
0000054c  UCB0RXBUF                              
0000054c  UCB0RXBUF_L                            
0000054d  UCB0RXBUF_H                            
0000054e  UCB0TXBUF                              
0000054e  UCB0TXBUF_L                            
0000054f  UCB0TXBUF_H                            
00000554  UCB0I2COA0                             
00000554  UCB0I2COA0_L                           
00000555  UCB0I2COA0_H                           
00000556  UCB0I2COA1                             
00000556  UCB0I2COA1_L                           
00000557  UCB0I2COA1_H                           
00000558  UCB0I2COA2                             
00000558  UCB0I2COA2_L                           
00000559  UCB0I2COA2_H                           
0000055a  UCB0I2COA3                             
0000055a  UCB0I2COA3_L                           
0000055b  UCB0I2COA3_H                           
0000055c  UCB0ADDRX                              
0000055c  UCB0ADDRX_L                            
0000055d  UCB0ADDRX_H                            
0000055e  UCB0ADDMASK                            
0000055e  UCB0ADDMASK_L                          
0000055f  UCB0ADDMASK_H                          
00000560  UCB0I2CSA                              
00000560  UCB0I2CSA_L                            
00000561  UCB0I2CSA_H                            
0000056a  UCB0IE                                 
0000056a  UCB0IE_L                               
0000056b  UCB0IE_H                               
0000056c  UCB0IFG                                
0000056c  UCB0IFG_L                              
0000056d  UCB0IFG_H                              
0000056e  UCB0IV                                 
0000056e  UCB0IV_L                               
0000056f  UCB0IV_H                               
00000660  BAKMEM0                                
00000660  BAKMEM0_L                              
00000661  BAKMEM0_H                              
00000662  BAKMEM1                                
00000662  BAKMEM1_L                              
00000663  BAKMEM1_H                              
00000664  BAKMEM2                                
00000664  BAKMEM2_L                              
00000665  BAKMEM2_H                              
00000666  BAKMEM3                                
00000666  BAKMEM3_L                              
00000667  BAKMEM3_H                              
00000668  BAKMEM4                                
00000668  BAKMEM4_L                              
00000669  BAKMEM4_H                              
0000066a  BAKMEM5                                
0000066a  BAKMEM5_L                              
0000066b  BAKMEM5_H                              
0000066c  BAKMEM6                                
0000066c  BAKMEM6_L                              
0000066d  BAKMEM6_H                              
0000066e  BAKMEM7                                
0000066e  BAKMEM7_L                              
0000066f  BAKMEM7_H                              
00000670  BAKMEM8                                
00000670  BAKMEM8_L                              
00000671  BAKMEM8_H                              
00000672  BAKMEM9                                
00000672  BAKMEM9_L                              
00000673  BAKMEM9_H                              
00000674  BAKMEM10                               
00000674  BAKMEM10_L                             
00000675  BAKMEM10_H                             
00000676  BAKMEM11                               
00000676  BAKMEM11_L                             
00000677  BAKMEM11_H                             
00000678  BAKMEM12                               
00000678  BAKMEM12_L                             
00000679  BAKMEM12_H                             
0000067a  BAKMEM13                               
0000067a  BAKMEM13_L                             
0000067b  BAKMEM13_H                             
0000067c  BAKMEM14                               
0000067c  BAKMEM14_L                             
0000067d  BAKMEM14_H                             
0000067e  BAKMEM15                               
0000067e  BAKMEM15_L                             
0000067f  BAKMEM15_H                             
00000700  ADCCTL0                                
00000700  ADCCTL0_L                              
00000701  ADCCTL0_H                              
00000702  ADCCTL1                                
00000702  ADCCTL1_L                              
00000703  ADCCTL1_H                              
00000704  ADCCTL2                                
00000704  ADCCTL2_L                              
00000705  ADCCTL2_H                              
00000706  ADCLO                                  
00000706  ADCLO_L                                
00000707  ADCLO_H                                
00000708  ADCHI                                  
00000708  ADCHI_L                                
00000709  ADCHI_H                                
0000070a  ADCMCTL0                               
0000070a  ADCMCTL0_L                             
0000070b  ADCMCTL0_H                             
00000712  ADCMEM0                                
00000712  ADCMEM0_L                              
00000713  ADCMEM0_H                              
0000071a  ADCIE                                  
0000071a  ADCIE_L                                
0000071b  ADCIE_H                                
0000071c  ADCIFG                                 
0000071c  ADCIFG_L                               
0000071d  ADCIFG_H                               
0000071e  ADCIV                                  
0000071e  ADCIV_L                                
0000071f  ADCIV_H                                
000008e0  CPCTL0                                 
000008e0  CPCTL0_L                               
000008e1  CPCTL0_H                               
000008e2  CPCTL1                                 
000008e2  CPCTL1_L                               
000008e3  CPCTL1_H                               
000008e6  CPINT                                  
000008e6  CPINT_L                                
000008e7  CPINT_H                                
000008e8  CPIV                                   
000008e8  CPIV_L                                 
000008e9  CPIV_H                                 
000008f0  CPDACCTL                               
000008f0  CPDACCTL_L                             
000008f1  CPDACCTL_H                             
000008f2  CPDACDATA                              
000008f2  CPDACDATA_L                            
000008f3  CPDACDATA_H                            
00000c80  SAC0OA                                 
00000c80  SAC0OA_L                               
00000c81  SAC0OA_H                               
00000f00  TRI0CTL                                
00000f00  TRI0CTL_L                              
00000f01  TRI0CTL_H                              
00002004  _wakeEventsOccurred                    
00002006  _wakeReasons                           
00002360  _stack                                 
00002400  __STACK_END                            
0000f100  __TI_Handler_Table_Base                
0000f10c  __TI_Handler_Table_Limit               
0000f11a  __TI_CINIT_Base                        
0000f12a  __TI_CINIT_Limit                       
0000f12a  __TI_decompress_lzss                   
0000f218  __TI_auto_init_nobinit_nopinit_hold_wdt
0000f282  core_sleep                             
0000f2d4  __memcpy_far                           
0000f314  __TI_zero_init_nomemset                
0000f352  __TI_decompress_none                   
0000f38e  main                                   
0000f3ae  stopwatch_process                      
0000f3e8  switches_init                          
0000f402  stopwatch_disable                      
0000f418  watchdog_service                       
0000f420  watchdog_stop                          
0000f428  C$$EXIT                                
0000f428  abort                                  
0000f42e  _system_pre_init                       
0000f432  core_init                              
0000f436  _system_post_cinit                     
0000f438  Timer0_B0                              
0000f480  PORT1_ISR                              
0000f4ac  _c_int00_noargs                        
0000f4c8  __TI_ISR_TRAP                          
0000ffe2  __TI_int45                             
0000ffe4  __TI_int46                             
0000ffe6  __TI_int47                             
0000ffe8  __TI_int48                             
0000ffea  __TI_int49                             
0000ffec  __TI_int50                             
0000ffee  __TI_int51                             
0000fff0  __TI_int52                             
0000fff2  __TI_int53                             
0000fff4  __TI_int54                             
0000fff6  __TI_int55                             
0000fff8  __TI_int56                             
0000fffa  __TI_int57                             
0000fffc  __TI_int58                             
0000fffe  _reset_vector                          
ffffffff  __TI_pprof_out_hndl                    
ffffffff  __TI_prof_data_size                    
ffffffff  __TI_prof_data_start                   
ffffffff  __c_args__                             

[501 symbols]
